// Jest Snapshot v1, https://goo.gl/fbAQLP

exports[`renders homepage correctly 1`] = `
<div>
  <main
    class="container mx-auto flex flex-col items-center justify-start h-screen p-4 "
  >
    <h1
      class="text-5xl md:text-[5rem] leading-normal font-thin text-pink-300/50 "
    >
      todos
    </h1>
    <div
      class="flex flex-col w-full min-w-[345px] gap-6 lg:w-[80%] xl:max-w-[800px] shadow-lg p-4 border-[1px] border-gray-500/10"
    >
      <div
        class="flex h-12 w-full border-[1px] border-gray-500/25 rounded"
      >
        <input
          class="h-full w-full px-4 rounded focus: border-none outline-none"
          placeholder="Type your to do"
          type="text"
          value=""
        />
        <button
          class="flex justify-center items-center text-gray-600 px-1 border-l-[1px] border-gray-500/25 text-center text-sm w-32 hover:cursor-pointer hover:bg-pink-300/40"
          data-testid="Add"
        >
          Add To Do
        </button>
      </div>
      <div
        class="w-full flex flex-col justify-center items-start gap-3 text-center"
      >
        <div
          class="w-full border-b-[1px] border-gray-500/25 "
        >
          <div
            class="flex justify-start items-center gap-8 py-2"
          >
            <button
              class="flex justify-center items-center w-8 h-8 rounded-full border-[1px] border-gray-400 hover:cursor-pointer hover:bg-slate-500/25"
            >
              <svg
                class="text-green-500"
                fill="currentColor"
                height="1.5rem"
                stroke="currentColor"
                stroke-width="0"
                viewBox="0 0 1024 1024"
                width="1.5rem"
                xmlns="http://www.w3.org/2000/svg"
              >
                <path
                  d="M912 190h-69.9c-9.8 0-19.1 4.5-25.1 12.2L404.7 724.5 207 474a32 32 0 0 0-25.1-12.2H112c-6.7 0-10.4 7.7-6.3 12.9l273.9 347c12.8 16.2 37.4 16.2 50.3 0l488.4-618.9c4.1-5.1.4-12.8-6.3-12.8z"
                />
              </svg>
            </button>
            <h2
              class="text-xl text-gray-500/50 line-through"
            >
              Тестовое задание
            </h2>
          </div>
        </div>
        <div
          class="w-full border-b-[1px] border-gray-500/25 "
        >
          <div
            class="flex justify-start items-center gap-8 py-2"
          >
            <button
              class="flex justify-center items-center w-8 h-8 rounded-full border-[1px] border-gray-400 hover:cursor-pointer hover:bg-slate-500/25"
            >
              <svg
                class="text-green-500"
                fill="currentColor"
                height="1.5rem"
                stroke="currentColor"
                stroke-width="0"
                viewBox="0 0 1024 1024"
                width="1.5rem"
                xmlns="http://www.w3.org/2000/svg"
              >
                <path
                  d="M912 190h-69.9c-9.8 0-19.1 4.5-25.1 12.2L404.7 724.5 207 474a32 32 0 0 0-25.1-12.2H112c-6.7 0-10.4 7.7-6.3 12.9l273.9 347c12.8 16.2 37.4 16.2 50.3 0l488.4-618.9c4.1-5.1.4-12.8-6.3-12.8z"
                />
              </svg>
            </button>
            <h2
              class="text-xl text-gray-500/50 line-through"
            >
              Прекрасный Код
            </h2>
          </div>
        </div>
        <div
          class="w-full border-b-[1px] border-gray-500/25 "
        >
          <div
            class="flex justify-start items-center gap-8 py-2"
          >
            <button
              class="flex justify-center items-center w-8 h-8 rounded-full border-[1px] border-gray-400 hover:cursor-pointer hover:bg-slate-500/25"
            >
              <svg
                class="text-green-500"
                fill="currentColor"
                height="1.5rem"
                stroke="currentColor"
                stroke-width="0"
                viewBox="0 0 1024 1024"
                width="1.5rem"
                xmlns="http://www.w3.org/2000/svg"
              >
                <path
                  d="M912 190h-69.9c-9.8 0-19.1 4.5-25.1 12.2L404.7 724.5 207 474a32 32 0 0 0-25.1-12.2H112c-6.7 0-10.4 7.7-6.3 12.9l273.9 347c12.8 16.2 37.4 16.2 50.3 0l488.4-618.9c4.1-5.1.4-12.8-6.3-12.8z"
                />
              </svg>
            </button>
            <h2
              class="text-xl text-gray-500/50 line-through"
            >
              Покрытие тестами
            </h2>
          </div>
        </div>
      </div>
      <div
        class="w-full flex justify-between items-center"
      >
        <span
          class="text-xs sm:text-lg text-gray-500/70 w-[130px]"
          data-testid="items-counter"
        >
          Nothing to do :)
        </span>
        <div
          class="flex gap-1 md:gap-4"
        >
          <button
            class="filter-button-active"
          >
            All
          </button>
          <button
            class="filter-button"
          >
            Active
          </button>
          <button
            class="filter-button"
          >
            Completed
          </button>
        </div>
        <button
          class="filter-button"
        >
          Clear Completed
        </button>
      </div>
    </div>
  </main>
</div>
`;
